22:01:58 **** Build of configuration Debug for project pcie_lbi_bknd ****
make all 
'Building file: ../src/helloworld.c'
'Invoking: MicroBlaze gcc compiler'
mb-gcc -Wall -O0 -g3 -c -fmessage-length=0 -Wl,--no-relax -I../../pcie_lbi_bknd_bsp/microblaze_0/include -mxl-barrel-shift -mxl-pattern-compare -mcpu=v8.50.a -mno-xl-soft-mul -MMD -MP -MF"src/helloworld.d" -MT"src/helloworld.d" -o "src/helloworld.o" "../src/helloworld.c"
'Finished building: ../src/helloworld.c'
' '
'Building file: ../src/platform.c'
'Invoking: MicroBlaze gcc compiler'
mb-gcc -Wall -O0 -g3 -c -fmessage-length=0 -Wl,--no-relax -I../../pcie_lbi_bknd_bsp/microblaze_0/include -mxl-barrel-shift -mxl-pattern-compare -mcpu=v8.50.a -mno-xl-soft-mul -MMD -MP -MF"src/platform.d" -MT"src/platform.d" -o "src/platform.o" "../src/platform.c"
'Finished building: ../src/platform.c'
' '
'Building target: pcie_lbi_bknd.elf'
'Invoking: MicroBlaze gcc linker'
mb-gcc -Wl,--no-relax -Wl,-T -Wl,../src/lscript.ld -L../../pcie_lbi_bknd_bsp/microblaze_0/lib -mxl-barrel-shift -mxl-pattern-compare -mcpu=v8.50.a -mno-xl-soft-mul -o "pcie_lbi_bknd.elf"  ./src/helloworld.o ./src/platform.o   -Wl,--start-group,-lxil,-lgcc,-lc,--end-group
'Finished building target: pcie_lbi_bknd.elf'
' '
'Invoking: MicroBlaze Print Size'
mb-size pcie_lbi_bknd.elf  |tee "pcie_lbi_bknd.elf.size"
   text	   data	    bss	    dec	    hex	filename
   2662	    292	   2088	   5042	   13b2	pcie_lbi_bknd.elf
'Finished building: pcie_lbi_bknd.elf.size'
' '
'Invoking: Xilinx ELF Check'
elfcheck pcie_lbi_bknd.elf -hw ../../mc_ctrl_hw_platform/system.xml -pe microblaze_0  |tee "pcie_lbi_bknd.elf.elfcheck"
elfcheck
Xilinx EDK 14.5 Build EDK_P.58f
Copyright (c) 1995-2012 Xilinx, Inc.  All rights reserved.

Command Line: elfcheck -hw ../../mc_ctrl_hw_platform/system.xml -pe microblaze_0
pcie_lbi_bknd.elf 

ELF file	: pcie_lbi_bknd.elf
elfcheck passed.
'Finished building: pcie_lbi_bknd.elf.elfcheck'
' '

22:02:03 Build Finished (took 5s.185ms)

